2025/10/13 5:2:39:329 [DisplayControl] Enter ObtainControlHandler1
2025/10/13 5:2:39:329 [DisplayControl] GetVideoPortCommander
2025/10/13 5:2:39:329 [DisplayControl] GetUSBHubCommander
2025/10/13 5:2:39:329 ====== List p_lpo_display_info_video_port, # of devices is ======2
2025/10/13 5:2:39:329 [DisplayControl] index of p_lpo_display_info_video_port0
2025/10/13 5:2:39:329 [DisplayControl] Model name from VideoPort = VG2748a
2025/10/13 5:2:39:329 [DisplayControl] SN from VideoPort = WTJ242500000
2025/10/13 5:2:39:329 [DisplayControl] index of p_lpo_display_info_video_port1
2025/10/13 5:2:39:329 [DisplayControl] Model name from VideoPort = 
2025/10/13 5:2:39:329 [DisplayControl] SN from VideoPort = 
2025/10/13 5:2:39:329 ====== List p_lpo_display_info_rtd_scalar_rts_hub, # of devices is ======0
2025/10/13 5:2:39:329 [DisplayControl] GetVSRtkHubControlClientListener
2025/10/13 5:2:39:329 [DisplayControl] max monitor count = 2
2025/10/13 5:2:39:329 [DisplayControl] index of display_info_vec = 0
2025/10/13 5:2:39:329 [DisplayControl] index of p_lpo_display_info_video_port = 0
2025/10/13 5:2:39:329 [DisplayControl] VideoPortMatchingRule
2025/10/13 5:2:39:329 [DisplayControl] monitor display_info_model_name = 
2025/10/13 5:2:39:329 [DisplayControl] monitor video_port_model_name = VG2748a
2025/10/13 5:2:39:329 [DisplayControl] monitor display_info_sn = 
2025/10/13 5:2:39:330 [DisplayControl] monitor video_port_sn = WTJ242500000
2025/10/13 5:2:39:330 [DisplayControl] model_name_match = 0
2025/10/13 5:2:39:330 [DisplayControl] sn_match = 0
2025/10/13 5:2:39:330 [DisplayControl] video_port is_match = 0
2025/10/13 5:2:39:330 [DisplayControl] index of display_info_vec = 0
2025/10/13 5:2:39:330 [DisplayControl] index of p_lpo_display_info_video_port = 1
2025/10/13 5:2:39:330 [DisplayControl] VideoPortMatchingRule
2025/10/13 5:2:39:330 [DisplayControl] monitor display_info_model_name = 
2025/10/13 5:2:39:330 [DisplayControl] monitor video_port_model_name = 
2025/10/13 5:2:39:330 [DisplayControl] monitor display_info_sn = 
2025/10/13 5:2:39:330 [DisplayControl] monitor video_port_sn = 
2025/10/13 5:2:39:330 [DisplayControl] model_name_match = 1
2025/10/13 5:2:39:330 [DisplayControl] sn_match = 1
2025/10/13 5:2:39:330 [DisplayControl] video_port is_match = 1
2025/10/13 5:2:39:330 [DisplayControl] index of display_info_vec = 1
2025/10/13 5:2:39:330 [DisplayControl] index of p_lpo_display_info_video_port = 0
2025/10/13 5:2:39:330 [DisplayControl] VideoPortMatchingRule
2025/10/13 5:2:39:330 [DisplayControl] monitor display_info_model_name = VG2748a
2025/10/13 5:2:39:330 [DisplayControl] monitor video_port_model_name = VG2748a
2025/10/13 5:2:39:330 [DisplayControl] monitor display_info_sn = WTJ242500000
2025/10/13 5:2:39:330 [DisplayControl] monitor video_port_sn = WTJ242500000
2025/10/13 5:2:39:330 [DisplayControl] model_name_match = 1
2025/10/13 5:2:39:330 [DisplayControl] sn_match = 1
2025/10/13 5:2:39:330 [DisplayControl] video_port is_match = 1
2025/10/13 5:2:39:330 [DisplayControl] i = 0
2025/10/13 5:2:39:336 [DisplayControl] Enter OperationThread::OperationThread()
2025/10/13 5:2:39:336 [DisplayControl] Enter OperationThread::CreateThread
2025/10/13 5:2:39:336 [DisplayControl] new DisplayFunctioner
2025/10/13 5:2:39:336 [DisplayControl] insert displayer_vector
2025/10/13 5:2:39:336 [DisplayControl] insert modelName_SN_to_Display_map
2025/10/13 5:2:39:336 [DisplayControl] i = 1
2025/10/13 5:2:39:336 [DisplayControl] Enter OperationThread::OperationThread()
2025/10/13 5:2:39:336 [DisplayControl] Enter OperationThread::CreateThread
2025/10/13 5:2:39:336 [DisplayControl] new DisplayFunctioner
2025/10/13 5:2:39:336 [DisplayControl] insert displayer_vector
2025/10/13 5:2:39:336 [DisplayControl] insert modelName_SN_to_Display_map
2025/10/13 5:2:39:336 [DisplayControl] monitor size = 2
2025/10/13 5:2:39:336 [DisplayControl] Exit ObtainControlHandler
2025/10/13 5:2:39:336 [DisplayControl] Enter MCCSOtherSet::GetVCP(), vcp code = 16
2025/10/13 5:2:39:556 [DisplayControl] Exit MCCSOtherSet::GetVCP()
2025/10/13 5:2:39:832 [DisplayControl] Enter MCCSOtherSet::SetVCP(), vcp code = 51
2025/10/13 5:2:41:293 [DisplayControl] Exit MCCSOtherSet::SetVCP()
2025/10/13 5:2:41:294 [DisplayControl] Enter MCCSOtherSet::GetVCP(), vcp code = 96
2025/10/13 5:2:41:513 [DisplayControl] Exit MCCSOtherSet::GetVCP()
2025/10/13 5:2:41:615 [DisplayControl] Enter MCCSOtherSet::GetVCP(), vcp code = 16
2025/10/13 5:2:41:834 [DisplayControl] Exit MCCSOtherSet::GetVCP()
2025/10/13 5:2:41:936 [DisplayControl] Enter MCCSOtherSet::GetVCP(), vcp code = 225
2025/10/13 5:2:42:149 [DisplayControl] Exit MCCSOtherSet::GetVCP()
2025/10/13 5:2:42:250 [DisplayControl] Enter MCCSOtherSet::GetVCP(), vcp code = 97
2025/10/13 5:2:42:465 [DisplayControl] Exit MCCSOtherSet::GetVCP()
2025/10/13 5:2:42:567 [DisplayControl] Enter MCCSOtherSet::GetVCP(), vcp code = 236
2025/10/13 5:2:42:787 [DisplayControl] Exit MCCSOtherSet::GetVCP()
2025/10/13 5:2:42:888 [DisplayControl] Enter MCCSOtherSet::GetVCP(), vcp code = 226
2025/10/13 5:2:43:103 [DisplayControl] Exit MCCSOtherSet::GetVCP()
2025/10/13 5:2:43:205 [DisplayControl] Enter MCCSOtherSet::GetVCP(), vcp code = 43
2025/10/13 5:2:43:424 [DisplayControl] Exit MCCSOtherSet::GetVCP()
2025/10/13 5:2:43:526 [DisplayControl] Enter MCCSOtherSet::GetVCP(), vcp code = 18
2025/10/13 5:2:43:742 [DisplayControl] Exit MCCSOtherSet::GetVCP()
2025/10/13 5:2:43:845 [DisplayControl] Enter MCCSOtherSet::GetVCP(), vcp code = 220
2025/10/13 5:2:44:63 [DisplayControl] Exit MCCSOtherSet::GetVCP()
2025/10/13 5:2:44:165 [DisplayControl] Enter MCCSOtherSet::GetVCP(), vcp code = 4
2025/10/13 5:2:44:384 [DisplayControl] Exit MCCSOtherSet::GetVCP()
2025/10/13 5:2:44:485 [DisplayControl] Enter MCCSOtherSet::GetVCP(), vcp code = 51
2025/10/13 5:2:44:696 [DisplayControl] Exit MCCSOtherSet::GetVCP()
2025/10/13 5:2:44:798 [DisplayControl] Enter MCCSOtherSet::GetVCP(), vcp code = 135
2025/10/13 5:2:45:15 [DisplayControl] Exit MCCSOtherSet::GetVCP()
2025/10/13 5:2:45:117 [DisplayControl] Enter MCCSOtherSet::GetVCP(), vcp code = 141
2025/10/13 5:2:45:333 [DisplayControl] Exit MCCSOtherSet::GetVCP()
2025/10/13 5:2:45:434 [DisplayControl] Enter MCCSOtherSet::GetVCP(), vcp code = 98
2025/10/13 5:2:45:654 [DisplayControl] Exit MCCSOtherSet::GetVCP()
2025/10/13 5:2:45:760 [DisplayControl] Enter MCCSOtherSet::GetVCP(), vcp code = 96
2025/10/13 5:2:45:982 [DisplayControl] Exit MCCSOtherSet::GetVCP()
2025/10/13 5:2:46:858 [DisplayControl] Enter MCCSOtherSet::SetVCP(), vcp code = 51
2025/10/13 5:2:47:188 [DisplayControl] Exit MCCSOtherSet::SetVCP()
2025/10/13 5:3:10:36 [DisplayControl] Enter MCCSOtherSet::SetVCP(), vcp code = 16
2025/10/13 5:3:10:359 [DisplayControl] Exit MCCSOtherSet::SetVCP()
2025/10/13 5:4:0:624 [DisplayControl] Enter MCCSOtherSet::SetVCP(), vcp code = 16
2025/10/13 5:4:0:946 [DisplayControl] Exit MCCSOtherSet::SetVCP()
2025/10/13 5:4:44:572 [DisplayControl] Enter OperationThread::ExitThread
2025/10/13 5:4:44:572 [DisplayControl] Exit OperationThread::ExitThread
2025/10/13 5:4:44:572 [DisplayControl] Enter OperationThread::~OperationThread()
2025/10/13 5:4:44:572 [DisplayControl] Enter OperationThread::ExitThread
2025/10/13 5:4:44:572 [DisplayControl] Enter OperationThread::ExitThread
2025/10/13 5:4:44:572 [DisplayControl] Exit OperationThread::ExitThread
2025/10/13 5:4:44:572 [DisplayControl] Enter OperationThread::~OperationThread()
2025/10/13 5:4:44:572 [DisplayControl] Enter OperationThread::ExitThread
