2025/10/7 5:1:37:129 [DisplayControl] Enter ObtainControlHandler1
2025/10/7 5:1:37:129 [DisplayControl] GetVideoPortCommander
2025/10/7 5:1:37:129 [DisplayControl] GetUSBHubCommander
2025/10/7 5:1:37:129 ====== List p_lpo_display_info_video_port, # of devices is ======2
2025/10/7 5:1:37:129 [DisplayControl] index of p_lpo_display_info_video_port0
2025/10/7 5:1:37:129 [DisplayControl] Model name from VideoPort = VG2748a
2025/10/7 5:1:37:129 [DisplayControl] SN from VideoPort = WTJ242500000
2025/10/7 5:1:37:129 [DisplayControl] index of p_lpo_display_info_video_port1
2025/10/7 5:1:37:129 [DisplayControl] Model name from VideoPort = 
2025/10/7 5:1:37:129 [DisplayControl] SN from VideoPort = 
2025/10/7 5:1:37:129 ====== List p_lpo_display_info_rtd_scalar_rts_hub, # of devices is ======0
2025/10/7 5:1:37:129 [DisplayControl] GetVSRtkHubControlClientListener
2025/10/7 5:1:37:129 [DisplayControl] max monitor count = 2
2025/10/7 5:1:37:129 [DisplayControl] index of display_info_vec = 0
2025/10/7 5:1:37:129 [DisplayControl] index of p_lpo_display_info_video_port = 0
2025/10/7 5:1:37:129 [DisplayControl] VideoPortMatchingRule
2025/10/7 5:1:37:129 [DisplayControl] monitor display_info_model_name = 
2025/10/7 5:1:37:129 [DisplayControl] monitor video_port_model_name = VG2748a
2025/10/7 5:1:37:129 [DisplayControl] monitor display_info_sn = 
2025/10/7 5:1:37:129 [DisplayControl] monitor video_port_sn = WTJ242500000
2025/10/7 5:1:37:129 [DisplayControl] model_name_match = 0
2025/10/7 5:1:37:129 [DisplayControl] sn_match = 0
2025/10/7 5:1:37:129 [DisplayControl] video_port is_match = 0
2025/10/7 5:1:37:129 [DisplayControl] index of display_info_vec = 0
2025/10/7 5:1:37:129 [DisplayControl] index of p_lpo_display_info_video_port = 1
2025/10/7 5:1:37:129 [DisplayControl] VideoPortMatchingRule
2025/10/7 5:1:37:129 [DisplayControl] monitor display_info_model_name = 
2025/10/7 5:1:37:129 [DisplayControl] monitor video_port_model_name = 
2025/10/7 5:1:37:129 [DisplayControl] monitor display_info_sn = 
2025/10/7 5:1:37:129 [DisplayControl] monitor video_port_sn = 
2025/10/7 5:1:37:129 [DisplayControl] model_name_match = 1
2025/10/7 5:1:37:129 [DisplayControl] sn_match = 1
2025/10/7 5:1:37:129 [DisplayControl] video_port is_match = 1
2025/10/7 5:1:37:129 [DisplayControl] index of display_info_vec = 1
2025/10/7 5:1:37:129 [DisplayControl] index of p_lpo_display_info_video_port = 0
2025/10/7 5:1:37:129 [DisplayControl] VideoPortMatchingRule
2025/10/7 5:1:37:129 [DisplayControl] monitor display_info_model_name = VG2748a
2025/10/7 5:1:37:130 [DisplayControl] monitor video_port_model_name = VG2748a
2025/10/7 5:1:37:130 [DisplayControl] monitor display_info_sn = WTJ242500000
2025/10/7 5:1:37:130 [DisplayControl] monitor video_port_sn = WTJ242500000
2025/10/7 5:1:37:130 [DisplayControl] model_name_match = 1
2025/10/7 5:1:37:130 [DisplayControl] sn_match = 1
2025/10/7 5:1:37:130 [DisplayControl] video_port is_match = 1
2025/10/7 5:1:37:130 [DisplayControl] i = 0
2025/10/7 5:1:37:134 [DisplayControl] Enter OperationThread::OperationThread()
2025/10/7 5:1:37:134 [DisplayControl] Enter OperationThread::CreateThread
2025/10/7 5:1:37:134 [DisplayControl] new DisplayFunctioner
2025/10/7 5:1:37:134 [DisplayControl] insert displayer_vector
2025/10/7 5:1:37:134 [DisplayControl] insert modelName_SN_to_Display_map
2025/10/7 5:1:37:134 [DisplayControl] i = 1
2025/10/7 5:1:37:134 [DisplayControl] Enter OperationThread::OperationThread()
2025/10/7 5:1:37:134 [DisplayControl] Enter OperationThread::CreateThread
2025/10/7 5:1:37:134 [DisplayControl] new DisplayFunctioner
2025/10/7 5:1:37:134 [DisplayControl] insert displayer_vector
2025/10/7 5:1:37:134 [DisplayControl] insert modelName_SN_to_Display_map
2025/10/7 5:1:37:134 [DisplayControl] monitor size = 2
2025/10/7 5:1:37:134 [DisplayControl] Exit ObtainControlHandler
2025/10/7 5:1:37:134 [DisplayControl] Enter MCCSOtherSet::GetVCP(), vcp code = 16
2025/10/7 5:1:37:351 [DisplayControl] Exit MCCSOtherSet::GetVCP()
2025/10/7 5:1:37:627 [DisplayControl] Enter MCCSOtherSet::SetVCP(), vcp code = 51
2025/10/7 5:1:39:90 [DisplayControl] Exit MCCSOtherSet::SetVCP()
2025/10/7 5:1:39:90 [DisplayControl] Enter MCCSOtherSet::GetVCP(), vcp code = 4
2025/10/7 5:1:39:306 [DisplayControl] Exit MCCSOtherSet::GetVCP()
2025/10/7 5:1:39:407 [DisplayControl] Enter MCCSOtherSet::GetVCP(), vcp code = 220
2025/10/7 5:1:39:630 [DisplayControl] Exit MCCSOtherSet::GetVCP()
2025/10/7 5:1:39:731 [DisplayControl] Enter MCCSOtherSet::GetVCP(), vcp code = 98
2025/10/7 5:1:39:948 [DisplayControl] Exit MCCSOtherSet::GetVCP()
2025/10/7 5:1:40:50 [DisplayControl] Enter MCCSOtherSet::GetVCP(), vcp code = 16
2025/10/7 5:1:40:269 [DisplayControl] Exit MCCSOtherSet::GetVCP()
2025/10/7 5:1:40:371 [DisplayControl] Enter MCCSOtherSet::GetVCP(), vcp code = 135
2025/10/7 5:1:40:589 [DisplayControl] Exit MCCSOtherSet::GetVCP()
2025/10/7 5:1:40:690 [DisplayControl] Enter MCCSOtherSet::GetVCP(), vcp code = 18
2025/10/7 5:1:40:907 [DisplayControl] Exit MCCSOtherSet::GetVCP()
2025/10/7 5:1:41:8 [DisplayControl] Enter MCCSOtherSet::GetVCP(), vcp code = 43
2025/10/7 5:1:41:223 [DisplayControl] Exit MCCSOtherSet::GetVCP()
2025/10/7 5:1:41:324 [DisplayControl] Enter MCCSOtherSet::GetVCP(), vcp code = 96
2025/10/7 5:1:41:539 [DisplayControl] Exit MCCSOtherSet::GetVCP()
2025/10/7 5:1:41:641 [DisplayControl] Enter MCCSOtherSet::GetVCP(), vcp code = 236
2025/10/7 5:1:41:862 [DisplayControl] Exit MCCSOtherSet::GetVCP()
2025/10/7 5:1:41:964 [DisplayControl] Enter MCCSOtherSet::GetVCP(), vcp code = 51
2025/10/7 5:1:42:182 [DisplayControl] Exit MCCSOtherSet::GetVCP()
2025/10/7 5:1:42:284 [DisplayControl] Enter MCCSOtherSet::GetVCP(), vcp code = 97
2025/10/7 5:1:42:502 [DisplayControl] Exit MCCSOtherSet::GetVCP()
2025/10/7 5:1:42:604 [DisplayControl] Enter MCCSOtherSet::GetVCP(), vcp code = 141
2025/10/7 5:1:42:820 [DisplayControl] Exit MCCSOtherSet::GetVCP()
2025/10/7 5:1:42:922 [DisplayControl] Enter MCCSOtherSet::GetVCP(), vcp code = 225
2025/10/7 5:1:43:137 [DisplayControl] Exit MCCSOtherSet::GetVCP()
2025/10/7 5:1:43:239 [DisplayControl] Enter MCCSOtherSet::GetVCP(), vcp code = 226
2025/10/7 5:1:43:457 [DisplayControl] Exit MCCSOtherSet::GetVCP()
2025/10/7 5:1:43:564 [DisplayControl] Enter MCCSOtherSet::GetVCP(), vcp code = 96
2025/10/7 5:1:43:786 [DisplayControl] Exit MCCSOtherSet::GetVCP()
2025/10/7 5:1:44:655 [DisplayControl] Enter MCCSOtherSet::SetVCP(), vcp code = 51
2025/10/7 5:1:44:970 [DisplayControl] Exit MCCSOtherSet::SetVCP()
2025/10/7 5:2:7:633 [DisplayControl] Enter MCCSOtherSet::SetVCP(), vcp code = 16
2025/10/7 5:2:7:955 [DisplayControl] Exit MCCSOtherSet::SetVCP()
2025/10/7 5:2:58:347 [DisplayControl] Enter MCCSOtherSet::SetVCP(), vcp code = 16
2025/10/7 5:2:58:670 [DisplayControl] Exit MCCSOtherSet::SetVCP()
2025/10/7 5:3:42:365 [DisplayControl] Enter OperationThread::ExitThread
2025/10/7 5:3:42:365 [DisplayControl] Exit OperationThread::ExitThread
2025/10/7 5:3:42:365 [DisplayControl] Enter OperationThread::~OperationThread()
2025/10/7 5:3:42:365 [DisplayControl] Enter OperationThread::ExitThread
2025/10/7 5:3:42:365 [DisplayControl] Enter OperationThread::ExitThread
2025/10/7 5:3:42:366 [DisplayControl] Exit OperationThread::ExitThread
2025/10/7 5:3:42:366 [DisplayControl] Enter OperationThread::~OperationThread()
2025/10/7 5:3:42:366 [DisplayControl] Enter OperationThread::ExitThread
