2025/10/9 5:2:39:936 [DisplayControl] Enter ObtainControlHandler1
2025/10/9 5:2:39:936 [DisplayControl] GetVideoPortCommander
2025/10/9 5:2:39:936 [DisplayControl] GetUSBHubCommander
2025/10/9 5:2:39:936 ====== List p_lpo_display_info_video_port, # of devices is ======2
2025/10/9 5:2:39:936 [DisplayControl] index of p_lpo_display_info_video_port0
2025/10/9 5:2:39:936 [DisplayControl] Model name from VideoPort = VG2748a
2025/10/9 5:2:39:936 [DisplayControl] SN from VideoPort = WTJ242500000
2025/10/9 5:2:39:936 [DisplayControl] index of p_lpo_display_info_video_port1
2025/10/9 5:2:39:936 [DisplayControl] Model name from VideoPort = 
2025/10/9 5:2:39:936 [DisplayControl] SN from VideoPort = 
2025/10/9 5:2:39:936 ====== List p_lpo_display_info_rtd_scalar_rts_hub, # of devices is ======0
2025/10/9 5:2:39:936 [DisplayControl] GetVSRtkHubControlClientListener
2025/10/9 5:2:39:936 [DisplayControl] max monitor count = 2
2025/10/9 5:2:39:936 [DisplayControl] index of display_info_vec = 0
2025/10/9 5:2:39:936 [DisplayControl] index of p_lpo_display_info_video_port = 0
2025/10/9 5:2:39:936 [DisplayControl] VideoPortMatchingRule
2025/10/9 5:2:39:936 [DisplayControl] monitor display_info_model_name = 
2025/10/9 5:2:39:936 [DisplayControl] monitor video_port_model_name = VG2748a
2025/10/9 5:2:39:936 [DisplayControl] monitor display_info_sn = 
2025/10/9 5:2:39:936 [DisplayControl] monitor video_port_sn = WTJ242500000
2025/10/9 5:2:39:936 [DisplayControl] model_name_match = 0
2025/10/9 5:2:39:936 [DisplayControl] sn_match = 0
2025/10/9 5:2:39:936 [DisplayControl] video_port is_match = 0
2025/10/9 5:2:39:936 [DisplayControl] index of display_info_vec = 0
2025/10/9 5:2:39:936 [DisplayControl] index of p_lpo_display_info_video_port = 1
2025/10/9 5:2:39:936 [DisplayControl] VideoPortMatchingRule
2025/10/9 5:2:39:936 [DisplayControl] monitor display_info_model_name = 
2025/10/9 5:2:39:936 [DisplayControl] monitor video_port_model_name = 
2025/10/9 5:2:39:936 [DisplayControl] monitor display_info_sn = 
2025/10/9 5:2:39:936 [DisplayControl] monitor video_port_sn = 
2025/10/9 5:2:39:936 [DisplayControl] model_name_match = 1
2025/10/9 5:2:39:936 [DisplayControl] sn_match = 1
2025/10/9 5:2:39:936 [DisplayControl] video_port is_match = 1
2025/10/9 5:2:39:936 [DisplayControl] index of display_info_vec = 1
2025/10/9 5:2:39:936 [DisplayControl] index of p_lpo_display_info_video_port = 0
2025/10/9 5:2:39:936 [DisplayControl] VideoPortMatchingRule
2025/10/9 5:2:39:936 [DisplayControl] monitor display_info_model_name = VG2748a
2025/10/9 5:2:39:936 [DisplayControl] monitor video_port_model_name = VG2748a
2025/10/9 5:2:39:936 [DisplayControl] monitor display_info_sn = WTJ242500000
2025/10/9 5:2:39:936 [DisplayControl] monitor video_port_sn = WTJ242500000
2025/10/9 5:2:39:936 [DisplayControl] model_name_match = 1
2025/10/9 5:2:39:936 [DisplayControl] sn_match = 1
2025/10/9 5:2:39:936 [DisplayControl] video_port is_match = 1
2025/10/9 5:2:39:936 [DisplayControl] i = 0
2025/10/9 5:2:39:941 [DisplayControl] Enter OperationThread::OperationThread()
2025/10/9 5:2:39:941 [DisplayControl] Enter OperationThread::CreateThread
2025/10/9 5:2:39:941 [DisplayControl] new DisplayFunctioner
2025/10/9 5:2:39:941 [DisplayControl] insert displayer_vector
2025/10/9 5:2:39:941 [DisplayControl] insert modelName_SN_to_Display_map
2025/10/9 5:2:39:941 [DisplayControl] i = 1
2025/10/9 5:2:39:941 [DisplayControl] Enter OperationThread::OperationThread()
2025/10/9 5:2:39:941 [DisplayControl] Enter OperationThread::CreateThread
2025/10/9 5:2:39:941 [DisplayControl] new DisplayFunctioner
2025/10/9 5:2:39:941 [DisplayControl] insert displayer_vector
2025/10/9 5:2:39:941 [DisplayControl] insert modelName_SN_to_Display_map
2025/10/9 5:2:39:941 [DisplayControl] monitor size = 2
2025/10/9 5:2:39:941 [DisplayControl] Exit ObtainControlHandler
2025/10/9 5:2:39:941 [DisplayControl] Enter MCCSOtherSet::GetVCP(), vcp code = 16
2025/10/9 5:2:40:156 [DisplayControl] Exit MCCSOtherSet::GetVCP()
2025/10/9 5:2:40:432 [DisplayControl] Enter MCCSOtherSet::SetVCP(), vcp code = 51
2025/10/9 5:2:41:886 [DisplayControl] Exit MCCSOtherSet::SetVCP()
2025/10/9 5:2:41:887 [DisplayControl] Enter MCCSOtherSet::GetVCP(), vcp code = 97
2025/10/9 5:2:42:104 [DisplayControl] Exit MCCSOtherSet::GetVCP()
2025/10/9 5:2:42:205 [DisplayControl] Enter MCCSOtherSet::GetVCP(), vcp code = 236
2025/10/9 5:2:42:420 [DisplayControl] Exit MCCSOtherSet::GetVCP()
2025/10/9 5:2:42:522 [DisplayControl] Enter MCCSOtherSet::GetVCP(), vcp code = 96
2025/10/9 5:2:42:742 [DisplayControl] Exit MCCSOtherSet::GetVCP()
2025/10/9 5:2:42:845 [DisplayControl] Enter MCCSOtherSet::GetVCP(), vcp code = 225
2025/10/9 5:2:43:64 [DisplayControl] Exit MCCSOtherSet::GetVCP()
2025/10/9 5:2:43:166 [DisplayControl] Enter MCCSOtherSet::GetVCP(), vcp code = 43
2025/10/9 5:2:43:386 [DisplayControl] Exit MCCSOtherSet::GetVCP()
2025/10/9 5:2:43:487 [DisplayControl] Enter MCCSOtherSet::GetVCP(), vcp code = 4
2025/10/9 5:2:43:703 [DisplayControl] Exit MCCSOtherSet::GetVCP()
2025/10/9 5:2:43:804 [DisplayControl] Enter MCCSOtherSet::GetVCP(), vcp code = 135
2025/10/9 5:2:44:24 [DisplayControl] Exit MCCSOtherSet::GetVCP()
2025/10/9 5:2:44:126 [DisplayControl] Enter MCCSOtherSet::GetVCP(), vcp code = 51
2025/10/9 5:2:44:348 [DisplayControl] Exit MCCSOtherSet::GetVCP()
2025/10/9 5:2:44:449 [DisplayControl] Enter MCCSOtherSet::GetVCP(), vcp code = 18
2025/10/9 5:2:44:671 [DisplayControl] Exit MCCSOtherSet::GetVCP()
2025/10/9 5:2:44:773 [DisplayControl] Enter MCCSOtherSet::GetVCP(), vcp code = 16
2025/10/9 5:2:44:989 [DisplayControl] Exit MCCSOtherSet::GetVCP()
2025/10/9 5:2:45:90 [DisplayControl] Enter MCCSOtherSet::GetVCP(), vcp code = 98
2025/10/9 5:2:45:309 [DisplayControl] Exit MCCSOtherSet::GetVCP()
2025/10/9 5:2:45:411 [DisplayControl] Enter MCCSOtherSet::GetVCP(), vcp code = 226
2025/10/9 5:2:45:630 [DisplayControl] Exit MCCSOtherSet::GetVCP()
2025/10/9 5:2:45:731 [DisplayControl] Enter MCCSOtherSet::GetVCP(), vcp code = 141
2025/10/9 5:2:45:948 [DisplayControl] Exit MCCSOtherSet::GetVCP()
2025/10/9 5:2:46:49 [DisplayControl] Enter MCCSOtherSet::GetVCP(), vcp code = 220
2025/10/9 5:2:46:266 [DisplayControl] Exit MCCSOtherSet::GetVCP()
2025/10/9 5:2:46:372 [DisplayControl] Enter MCCSOtherSet::GetVCP(), vcp code = 96
2025/10/9 5:2:46:594 [DisplayControl] Exit MCCSOtherSet::GetVCP()
2025/10/9 5:2:47:454 [DisplayControl] Enter MCCSOtherSet::SetVCP(), vcp code = 51
2025/10/9 5:2:47:771 [DisplayControl] Exit MCCSOtherSet::SetVCP()
2025/10/9 5:3:10:352 [DisplayControl] Enter MCCSOtherSet::SetVCP(), vcp code = 16
2025/10/9 5:3:10:675 [DisplayControl] Exit MCCSOtherSet::SetVCP()
2025/10/9 5:4:1:144 [DisplayControl] Enter MCCSOtherSet::SetVCP(), vcp code = 16
2025/10/9 5:4:1:465 [DisplayControl] Exit MCCSOtherSet::SetVCP()
2025/10/9 5:4:44:988 [DisplayControl] Enter OperationThread::ExitThread
2025/10/9 5:4:44:989 [DisplayControl] Exit OperationThread::ExitThread
2025/10/9 5:4:44:989 [DisplayControl] Enter OperationThread::~OperationThread()
2025/10/9 5:4:44:989 [DisplayControl] Enter OperationThread::ExitThread
2025/10/9 5:4:44:989 [DisplayControl] Enter OperationThread::ExitThread
2025/10/9 5:4:44:989 [DisplayControl] Exit OperationThread::ExitThread
2025/10/9 5:4:44:989 [DisplayControl] Enter OperationThread::~OperationThread()
2025/10/9 5:4:44:989 [DisplayControl] Enter OperationThread::ExitThread
