2025/10/3 15:49:44:730 [DisplayControl] Enter ObtainControlHandler1
2025/10/3 15:49:44:731 [DisplayControl] GetVideoPortCommander
2025/10/3 15:49:44:731 [DisplayControl] GetUSBHubCommander
2025/10/3 15:49:44:731 ====== List p_lpo_display_info_video_port, # of devices is ======2
2025/10/3 15:49:44:731 [DisplayControl] index of p_lpo_display_info_video_port0
2025/10/3 15:49:44:731 [DisplayControl] Model name from VideoPort = VG2748a
2025/10/3 15:49:44:731 [DisplayControl] SN from VideoPort = WTJ242500000
2025/10/3 15:49:44:731 [DisplayControl] index of p_lpo_display_info_video_port1
2025/10/3 15:49:44:731 [DisplayControl] Model name from VideoPort = 
2025/10/3 15:49:44:731 [DisplayControl] SN from VideoPort = 
2025/10/3 15:49:44:731 ====== List p_lpo_display_info_rtd_scalar_rts_hub, # of devices is ======0
2025/10/3 15:49:44:731 [DisplayControl] GetVSRtkHubControlClientListener
2025/10/3 15:49:44:731 [DisplayControl] max monitor count = 2
2025/10/3 15:49:44:731 [DisplayControl] index of display_info_vec = 0
2025/10/3 15:49:44:731 [DisplayControl] index of p_lpo_display_info_video_port = 0
2025/10/3 15:49:44:731 [DisplayControl] VideoPortMatchingRule
2025/10/3 15:49:44:731 [DisplayControl] monitor display_info_model_name = 
2025/10/3 15:49:44:731 [DisplayControl] monitor video_port_model_name = VG2748a
2025/10/3 15:49:44:731 [DisplayControl] monitor display_info_sn = 
2025/10/3 15:49:44:731 [DisplayControl] monitor video_port_sn = WTJ242500000
2025/10/3 15:49:44:731 [DisplayControl] model_name_match = 0
2025/10/3 15:49:44:731 [DisplayControl] sn_match = 0
2025/10/3 15:49:44:731 [DisplayControl] video_port is_match = 0
2025/10/3 15:49:44:731 [DisplayControl] index of display_info_vec = 0
2025/10/3 15:49:44:731 [DisplayControl] index of p_lpo_display_info_video_port = 1
2025/10/3 15:49:44:731 [DisplayControl] VideoPortMatchingRule
2025/10/3 15:49:44:731 [DisplayControl] monitor display_info_model_name = 
2025/10/3 15:49:44:731 [DisplayControl] monitor video_port_model_name = 
2025/10/3 15:49:44:731 [DisplayControl] monitor display_info_sn = 
2025/10/3 15:49:44:731 [DisplayControl] monitor video_port_sn = 
2025/10/3 15:49:44:731 [DisplayControl] model_name_match = 1
2025/10/3 15:49:44:731 [DisplayControl] sn_match = 1
2025/10/3 15:49:44:731 [DisplayControl] video_port is_match = 1
2025/10/3 15:49:44:731 [DisplayControl] index of display_info_vec = 1
2025/10/3 15:49:44:731 [DisplayControl] index of p_lpo_display_info_video_port = 0
2025/10/3 15:49:44:731 [DisplayControl] VideoPortMatchingRule
2025/10/3 15:49:44:731 [DisplayControl] monitor display_info_model_name = VG2748a
2025/10/3 15:49:44:731 [DisplayControl] monitor video_port_model_name = VG2748a
2025/10/3 15:49:44:731 [DisplayControl] monitor display_info_sn = WTJ242500000
2025/10/3 15:49:44:731 [DisplayControl] monitor video_port_sn = WTJ242500000
2025/10/3 15:49:44:731 [DisplayControl] model_name_match = 1
2025/10/3 15:49:44:731 [DisplayControl] sn_match = 1
2025/10/3 15:49:44:731 [DisplayControl] video_port is_match = 1
2025/10/3 15:49:44:731 [DisplayControl] i = 0
2025/10/3 15:49:44:737 [DisplayControl] Enter OperationThread::OperationThread()
2025/10/3 15:49:44:737 [DisplayControl] Enter OperationThread::CreateThread
2025/10/3 15:49:44:737 [DisplayControl] new DisplayFunctioner
2025/10/3 15:49:44:737 [DisplayControl] insert displayer_vector
2025/10/3 15:49:44:737 [DisplayControl] insert modelName_SN_to_Display_map
2025/10/3 15:49:44:737 [DisplayControl] i = 1
2025/10/3 15:49:44:737 [DisplayControl] Enter OperationThread::OperationThread()
2025/10/3 15:49:44:737 [DisplayControl] Enter OperationThread::CreateThread
2025/10/3 15:49:44:737 [DisplayControl] new DisplayFunctioner
2025/10/3 15:49:44:737 [DisplayControl] insert displayer_vector
2025/10/3 15:49:44:737 [DisplayControl] insert modelName_SN_to_Display_map
2025/10/3 15:49:44:737 [DisplayControl] monitor size = 2
2025/10/3 15:49:44:737 [DisplayControl] Exit ObtainControlHandler
2025/10/3 15:49:44:738 [DisplayControl] Enter MCCSOtherSet::GetVCP(), vcp code = 16
2025/10/3 15:49:44:954 [DisplayControl] Exit MCCSOtherSet::GetVCP()
2025/10/3 15:49:45:225 [DisplayControl] Enter MCCSOtherSet::SetVCP(), vcp code = 51
2025/10/3 15:49:46:686 [DisplayControl] Exit MCCSOtherSet::SetVCP()
2025/10/3 15:49:46:687 [DisplayControl] Enter MCCSOtherSet::GetVCP(), vcp code = 98
2025/10/3 15:49:46:907 [DisplayControl] Exit MCCSOtherSet::GetVCP()
2025/10/3 15:49:47:9 [DisplayControl] Enter MCCSOtherSet::GetVCP(), vcp code = 225
2025/10/3 15:49:47:227 [DisplayControl] Exit MCCSOtherSet::GetVCP()
2025/10/3 15:49:47:328 [DisplayControl] Enter MCCSOtherSet::GetVCP(), vcp code = 97
2025/10/3 15:49:47:543 [DisplayControl] Exit MCCSOtherSet::GetVCP()
2025/10/3 15:49:47:645 [DisplayControl] Enter MCCSOtherSet::GetVCP(), vcp code = 96
2025/10/3 15:49:47:863 [DisplayControl] Exit MCCSOtherSet::GetVCP()
2025/10/3 15:49:47:965 [DisplayControl] Enter MCCSOtherSet::GetVCP(), vcp code = 236
2025/10/3 15:49:48:181 [DisplayControl] Exit MCCSOtherSet::GetVCP()
2025/10/3 15:49:48:282 [DisplayControl] Enter MCCSOtherSet::GetVCP(), vcp code = 16
2025/10/3 15:49:48:497 [DisplayControl] Exit MCCSOtherSet::GetVCP()
2025/10/3 15:49:48:598 [DisplayControl] Enter MCCSOtherSet::GetVCP(), vcp code = 141
2025/10/3 15:49:48:814 [DisplayControl] Exit MCCSOtherSet::GetVCP()
2025/10/3 15:49:48:916 [DisplayControl] Enter MCCSOtherSet::GetVCP(), vcp code = 220
2025/10/3 15:49:49:137 [DisplayControl] Exit MCCSOtherSet::GetVCP()
2025/10/3 15:49:49:238 [DisplayControl] Enter MCCSOtherSet::GetVCP(), vcp code = 51
2025/10/3 15:49:49:461 [DisplayControl] Exit MCCSOtherSet::GetVCP()
2025/10/3 15:49:49:562 [DisplayControl] Enter MCCSOtherSet::GetVCP(), vcp code = 226
2025/10/3 15:49:49:777 [DisplayControl] Exit MCCSOtherSet::GetVCP()
2025/10/3 15:49:49:879 [DisplayControl] Enter MCCSOtherSet::GetVCP(), vcp code = 18
2025/10/3 15:49:50:93 [DisplayControl] Exit MCCSOtherSet::GetVCP()
2025/10/3 15:49:50:195 [DisplayControl] Enter MCCSOtherSet::GetVCP(), vcp code = 4
2025/10/3 15:49:50:414 [DisplayControl] Exit MCCSOtherSet::GetVCP()
2025/10/3 15:49:50:516 [DisplayControl] Enter MCCSOtherSet::GetVCP(), vcp code = 43
2025/10/3 15:49:50:731 [DisplayControl] Exit MCCSOtherSet::GetVCP()
2025/10/3 15:49:50:833 [DisplayControl] Enter MCCSOtherSet::GetVCP(), vcp code = 135
2025/10/3 15:49:51:52 [DisplayControl] Exit MCCSOtherSet::GetVCP()
2025/10/3 15:49:51:159 [DisplayControl] Enter MCCSOtherSet::GetVCP(), vcp code = 96
2025/10/3 15:49:51:376 [DisplayControl] Exit MCCSOtherSet::GetVCP()
2025/10/3 15:49:52:220 [DisplayControl] Enter MCCSOtherSet::SetVCP(), vcp code = 51
2025/10/3 15:49:52:533 [DisplayControl] Exit MCCSOtherSet::SetVCP()
2025/10/3 15:50:15:65 [DisplayControl] Enter MCCSOtherSet::SetVCP(), vcp code = 16
2025/10/3 15:50:15:383 [DisplayControl] Exit MCCSOtherSet::SetVCP()
2025/10/3 15:51:5:571 [DisplayControl] Enter MCCSOtherSet::SetVCP(), vcp code = 16
2025/10/3 15:51:5:897 [DisplayControl] Exit MCCSOtherSet::SetVCP()
2025/10/3 15:51:49:122 [DisplayControl] Enter OperationThread::ExitThread
2025/10/3 15:51:49:122 [DisplayControl] Exit OperationThread::ExitThread
2025/10/3 15:51:49:122 [DisplayControl] Enter OperationThread::~OperationThread()
2025/10/3 15:51:49:122 [DisplayControl] Enter OperationThread::ExitThread
2025/10/3 15:51:49:122 [DisplayControl] Enter OperationThread::ExitThread
2025/10/3 15:51:49:123 [DisplayControl] Exit OperationThread::ExitThread
2025/10/3 15:51:49:123 [DisplayControl] Enter OperationThread::~OperationThread()
2025/10/3 15:51:49:123 [DisplayControl] Enter OperationThread::ExitThread
