2025/10/10 5:2:40:112 [DisplayControl] Enter ObtainControlHandler1
2025/10/10 5:2:40:112 [DisplayControl] GetVideoPortCommander
2025/10/10 5:2:40:112 [DisplayControl] GetUSBHubCommander
2025/10/10 5:2:40:112 ====== List p_lpo_display_info_video_port, # of devices is ======2
2025/10/10 5:2:40:112 [DisplayControl] index of p_lpo_display_info_video_port0
2025/10/10 5:2:40:112 [DisplayControl] Model name from VideoPort = VG2748a
2025/10/10 5:2:40:112 [DisplayControl] SN from VideoPort = WTJ242500000
2025/10/10 5:2:40:112 [DisplayControl] index of p_lpo_display_info_video_port1
2025/10/10 5:2:40:112 [DisplayControl] Model name from VideoPort = 
2025/10/10 5:2:40:112 [DisplayControl] SN from VideoPort = 
2025/10/10 5:2:40:112 ====== List p_lpo_display_info_rtd_scalar_rts_hub, # of devices is ======0
2025/10/10 5:2:40:112 [DisplayControl] GetVSRtkHubControlClientListener
2025/10/10 5:2:40:113 [DisplayControl] max monitor count = 2
2025/10/10 5:2:40:113 [DisplayControl] index of display_info_vec = 0
2025/10/10 5:2:40:113 [DisplayControl] index of p_lpo_display_info_video_port = 0
2025/10/10 5:2:40:113 [DisplayControl] VideoPortMatchingRule
2025/10/10 5:2:40:113 [DisplayControl] monitor display_info_model_name = 
2025/10/10 5:2:40:113 [DisplayControl] monitor video_port_model_name = VG2748a
2025/10/10 5:2:40:113 [DisplayControl] monitor display_info_sn = 
2025/10/10 5:2:40:113 [DisplayControl] monitor video_port_sn = WTJ242500000
2025/10/10 5:2:40:113 [DisplayControl] model_name_match = 0
2025/10/10 5:2:40:113 [DisplayControl] sn_match = 0
2025/10/10 5:2:40:113 [DisplayControl] video_port is_match = 0
2025/10/10 5:2:40:113 [DisplayControl] index of display_info_vec = 0
2025/10/10 5:2:40:113 [DisplayControl] index of p_lpo_display_info_video_port = 1
2025/10/10 5:2:40:113 [DisplayControl] VideoPortMatchingRule
2025/10/10 5:2:40:113 [DisplayControl] monitor display_info_model_name = 
2025/10/10 5:2:40:113 [DisplayControl] monitor video_port_model_name = 
2025/10/10 5:2:40:113 [DisplayControl] monitor display_info_sn = 
2025/10/10 5:2:40:113 [DisplayControl] monitor video_port_sn = 
2025/10/10 5:2:40:113 [DisplayControl] model_name_match = 1
2025/10/10 5:2:40:113 [DisplayControl] sn_match = 1
2025/10/10 5:2:40:113 [DisplayControl] video_port is_match = 1
2025/10/10 5:2:40:113 [DisplayControl] index of display_info_vec = 1
2025/10/10 5:2:40:113 [DisplayControl] index of p_lpo_display_info_video_port = 0
2025/10/10 5:2:40:113 [DisplayControl] VideoPortMatchingRule
2025/10/10 5:2:40:113 [DisplayControl] monitor display_info_model_name = VG2748a
2025/10/10 5:2:40:113 [DisplayControl] monitor video_port_model_name = VG2748a
2025/10/10 5:2:40:113 [DisplayControl] monitor display_info_sn = WTJ242500000
2025/10/10 5:2:40:113 [DisplayControl] monitor video_port_sn = WTJ242500000
2025/10/10 5:2:40:113 [DisplayControl] model_name_match = 1
2025/10/10 5:2:40:113 [DisplayControl] sn_match = 1
2025/10/10 5:2:40:113 [DisplayControl] video_port is_match = 1
2025/10/10 5:2:40:113 [DisplayControl] i = 0
2025/10/10 5:2:40:119 [DisplayControl] Enter OperationThread::OperationThread()
2025/10/10 5:2:40:119 [DisplayControl] Enter OperationThread::CreateThread
2025/10/10 5:2:40:119 [DisplayControl] new DisplayFunctioner
2025/10/10 5:2:40:119 [DisplayControl] insert displayer_vector
2025/10/10 5:2:40:119 [DisplayControl] insert modelName_SN_to_Display_map
2025/10/10 5:2:40:119 [DisplayControl] i = 1
2025/10/10 5:2:40:119 [DisplayControl] Enter OperationThread::OperationThread()
2025/10/10 5:2:40:119 [DisplayControl] Enter OperationThread::CreateThread
2025/10/10 5:2:40:119 [DisplayControl] new DisplayFunctioner
2025/10/10 5:2:40:119 [DisplayControl] insert displayer_vector
2025/10/10 5:2:40:119 [DisplayControl] insert modelName_SN_to_Display_map
2025/10/10 5:2:40:119 [DisplayControl] monitor size = 2
2025/10/10 5:2:40:119 [DisplayControl] Exit ObtainControlHandler
2025/10/10 5:2:40:119 [DisplayControl] Enter MCCSOtherSet::GetVCP(), vcp code = 16
2025/10/10 5:2:40:330 [DisplayControl] Exit MCCSOtherSet::GetVCP()
2025/10/10 5:2:40:552 [DisplayControl] Enter MCCSOtherSet::SetVCP(), vcp code = 51
2025/10/10 5:2:42:9 [DisplayControl] Exit MCCSOtherSet::SetVCP()
2025/10/10 5:2:42:10 [DisplayControl] Enter MCCSOtherSet::GetVCP(), vcp code = 18
2025/10/10 5:2:42:226 [DisplayControl] Exit MCCSOtherSet::GetVCP()
2025/10/10 5:2:42:328 [DisplayControl] Enter MCCSOtherSet::GetVCP(), vcp code = 226
2025/10/10 5:2:42:545 [DisplayControl] Exit MCCSOtherSet::GetVCP()
2025/10/10 5:2:42:646 [DisplayControl] Enter MCCSOtherSet::GetVCP(), vcp code = 16
2025/10/10 5:2:42:864 [DisplayControl] Exit MCCSOtherSet::GetVCP()
2025/10/10 5:2:42:965 [DisplayControl] Enter MCCSOtherSet::GetVCP(), vcp code = 97
2025/10/10 5:2:43:182 [DisplayControl] Exit MCCSOtherSet::GetVCP()
2025/10/10 5:2:43:284 [DisplayControl] Enter MCCSOtherSet::GetVCP(), vcp code = 236
2025/10/10 5:2:43:503 [DisplayControl] Exit MCCSOtherSet::GetVCP()
2025/10/10 5:2:43:604 [DisplayControl] Enter MCCSOtherSet::GetVCP(), vcp code = 135
2025/10/10 5:2:43:820 [DisplayControl] Exit MCCSOtherSet::GetVCP()
2025/10/10 5:2:43:922 [DisplayControl] Enter MCCSOtherSet::GetVCP(), vcp code = 141
2025/10/10 5:2:44:141 [DisplayControl] Exit MCCSOtherSet::GetVCP()
2025/10/10 5:2:44:242 [DisplayControl] Enter MCCSOtherSet::GetVCP(), vcp code = 4
2025/10/10 5:2:44:470 [DisplayControl] Exit MCCSOtherSet::GetVCP()
2025/10/10 5:2:44:572 [DisplayControl] Enter MCCSOtherSet::GetVCP(), vcp code = 225
2025/10/10 5:2:44:791 [DisplayControl] Exit MCCSOtherSet::GetVCP()
2025/10/10 5:2:44:893 [DisplayControl] Enter MCCSOtherSet::GetVCP(), vcp code = 98
2025/10/10 5:2:45:110 [DisplayControl] Exit MCCSOtherSet::GetVCP()
2025/10/10 5:2:45:212 [DisplayControl] Enter MCCSOtherSet::GetVCP(), vcp code = 220
2025/10/10 5:2:45:432 [DisplayControl] Exit MCCSOtherSet::GetVCP()
2025/10/10 5:2:45:533 [DisplayControl] Enter MCCSOtherSet::GetVCP(), vcp code = 43
2025/10/10 5:2:45:755 [DisplayControl] Exit MCCSOtherSet::GetVCP()
2025/10/10 5:2:45:857 [DisplayControl] Enter MCCSOtherSet::GetVCP(), vcp code = 51
2025/10/10 5:2:46:77 [DisplayControl] Exit MCCSOtherSet::GetVCP()
2025/10/10 5:2:46:178 [DisplayControl] Enter MCCSOtherSet::GetVCP(), vcp code = 96
2025/10/10 5:2:46:396 [DisplayControl] Exit MCCSOtherSet::GetVCP()
2025/10/10 5:2:46:503 [DisplayControl] Enter MCCSOtherSet::GetVCP(), vcp code = 96
2025/10/10 5:2:46:718 [DisplayControl] Exit MCCSOtherSet::GetVCP()
2025/10/10 5:2:47:597 [DisplayControl] Enter MCCSOtherSet::SetVCP(), vcp code = 51
2025/10/10 5:2:47:933 [DisplayControl] Exit MCCSOtherSet::SetVCP()
2025/10/10 5:3:10:621 [DisplayControl] Enter MCCSOtherSet::SetVCP(), vcp code = 16
2025/10/10 5:3:10:945 [DisplayControl] Exit MCCSOtherSet::SetVCP()
2025/10/10 5:4:1:527 [DisplayControl] Enter MCCSOtherSet::SetVCP(), vcp code = 16
2025/10/10 5:4:1:851 [DisplayControl] Exit MCCSOtherSet::SetVCP()
2025/10/10 5:4:45:237 [DisplayControl] Enter OperationThread::ExitThread
2025/10/10 5:4:45:237 [DisplayControl] Exit OperationThread::ExitThread
2025/10/10 5:4:45:237 [DisplayControl] Enter OperationThread::~OperationThread()
2025/10/10 5:4:45:237 [DisplayControl] Enter OperationThread::ExitThread
2025/10/10 5:4:45:237 [DisplayControl] Enter OperationThread::ExitThread
2025/10/10 5:4:45:238 [DisplayControl] Exit OperationThread::ExitThread
2025/10/10 5:4:45:238 [DisplayControl] Enter OperationThread::~OperationThread()
2025/10/10 5:4:45:238 [DisplayControl] Enter OperationThread::ExitThread
