2025/10/6 5:1:34:441 [DisplayControl] Enter ObtainControlHandler1
2025/10/6 5:1:34:441 [DisplayControl] GetVideoPortCommander
2025/10/6 5:1:34:441 [DisplayControl] GetUSBHubCommander
2025/10/6 5:1:34:441 ====== List p_lpo_display_info_video_port, # of devices is ======2
2025/10/6 5:1:34:441 [DisplayControl] index of p_lpo_display_info_video_port0
2025/10/6 5:1:34:441 [DisplayControl] Model name from VideoPort = VG2748a
2025/10/6 5:1:34:441 [DisplayControl] SN from VideoPort = WTJ242500000
2025/10/6 5:1:34:441 [DisplayControl] index of p_lpo_display_info_video_port1
2025/10/6 5:1:34:441 [DisplayControl] Model name from VideoPort = 
2025/10/6 5:1:34:441 [DisplayControl] SN from VideoPort = 
2025/10/6 5:1:34:442 ====== List p_lpo_display_info_rtd_scalar_rts_hub, # of devices is ======0
2025/10/6 5:1:34:442 [DisplayControl] GetVSRtkHubControlClientListener
2025/10/6 5:1:34:442 [DisplayControl] max monitor count = 2
2025/10/6 5:1:34:442 [DisplayControl] index of display_info_vec = 0
2025/10/6 5:1:34:442 [DisplayControl] index of p_lpo_display_info_video_port = 0
2025/10/6 5:1:34:442 [DisplayControl] VideoPortMatchingRule
2025/10/6 5:1:34:442 [DisplayControl] monitor display_info_model_name = 
2025/10/6 5:1:34:442 [DisplayControl] monitor video_port_model_name = VG2748a
2025/10/6 5:1:34:442 [DisplayControl] monitor display_info_sn = 
2025/10/6 5:1:34:442 [DisplayControl] monitor video_port_sn = WTJ242500000
2025/10/6 5:1:34:442 [DisplayControl] model_name_match = 0
2025/10/6 5:1:34:442 [DisplayControl] sn_match = 0
2025/10/6 5:1:34:442 [DisplayControl] video_port is_match = 0
2025/10/6 5:1:34:442 [DisplayControl] index of display_info_vec = 0
2025/10/6 5:1:34:442 [DisplayControl] index of p_lpo_display_info_video_port = 1
2025/10/6 5:1:34:442 [DisplayControl] VideoPortMatchingRule
2025/10/6 5:1:34:442 [DisplayControl] monitor display_info_model_name = 
2025/10/6 5:1:34:442 [DisplayControl] monitor video_port_model_name = 
2025/10/6 5:1:34:442 [DisplayControl] monitor display_info_sn = 
2025/10/6 5:1:34:442 [DisplayControl] monitor video_port_sn = 
2025/10/6 5:1:34:442 [DisplayControl] model_name_match = 1
2025/10/6 5:1:34:442 [DisplayControl] sn_match = 1
2025/10/6 5:1:34:442 [DisplayControl] video_port is_match = 1
2025/10/6 5:1:34:442 [DisplayControl] index of display_info_vec = 1
2025/10/6 5:1:34:442 [DisplayControl] index of p_lpo_display_info_video_port = 0
2025/10/6 5:1:34:442 [DisplayControl] VideoPortMatchingRule
2025/10/6 5:1:34:442 [DisplayControl] monitor display_info_model_name = VG2748a
2025/10/6 5:1:34:442 [DisplayControl] monitor video_port_model_name = VG2748a
2025/10/6 5:1:34:442 [DisplayControl] monitor display_info_sn = WTJ242500000
2025/10/6 5:1:34:442 [DisplayControl] monitor video_port_sn = WTJ242500000
2025/10/6 5:1:34:442 [DisplayControl] model_name_match = 1
2025/10/6 5:1:34:442 [DisplayControl] sn_match = 1
2025/10/6 5:1:34:442 [DisplayControl] video_port is_match = 1
2025/10/6 5:1:34:442 [DisplayControl] i = 0
2025/10/6 5:1:34:448 [DisplayControl] Enter OperationThread::OperationThread()
2025/10/6 5:1:34:448 [DisplayControl] Enter OperationThread::CreateThread
2025/10/6 5:1:34:448 [DisplayControl] new DisplayFunctioner
2025/10/6 5:1:34:448 [DisplayControl] insert displayer_vector
2025/10/6 5:1:34:448 [DisplayControl] insert modelName_SN_to_Display_map
2025/10/6 5:1:34:448 [DisplayControl] i = 1
2025/10/6 5:1:34:448 [DisplayControl] Enter OperationThread::OperationThread()
2025/10/6 5:1:34:448 [DisplayControl] Enter OperationThread::CreateThread
2025/10/6 5:1:34:448 [DisplayControl] new DisplayFunctioner
2025/10/6 5:1:34:448 [DisplayControl] insert displayer_vector
2025/10/6 5:1:34:448 [DisplayControl] insert modelName_SN_to_Display_map
2025/10/6 5:1:34:448 [DisplayControl] monitor size = 2
2025/10/6 5:1:34:448 [DisplayControl] Exit ObtainControlHandler
2025/10/6 5:1:34:448 [DisplayControl] Enter MCCSOtherSet::GetVCP(), vcp code = 16
2025/10/6 5:1:34:664 [DisplayControl] Exit MCCSOtherSet::GetVCP()
2025/10/6 5:1:34:936 [DisplayControl] Enter MCCSOtherSet::SetVCP(), vcp code = 51
2025/10/6 5:1:36:389 [DisplayControl] Exit MCCSOtherSet::SetVCP()
2025/10/6 5:1:36:390 [DisplayControl] Enter MCCSOtherSet::GetVCP(), vcp code = 236
2025/10/6 5:1:36:606 [DisplayControl] Exit MCCSOtherSet::GetVCP()
2025/10/6 5:1:36:707 [DisplayControl] Enter MCCSOtherSet::GetVCP(), vcp code = 97
2025/10/6 5:1:36:928 [DisplayControl] Exit MCCSOtherSet::GetVCP()
2025/10/6 5:1:37:30 [DisplayControl] Enter MCCSOtherSet::GetVCP(), vcp code = 51
2025/10/6 5:1:37:241 [DisplayControl] Exit MCCSOtherSet::GetVCP()
2025/10/6 5:1:37:343 [DisplayControl] Enter MCCSOtherSet::GetVCP(), vcp code = 43
2025/10/6 5:1:37:563 [DisplayControl] Exit MCCSOtherSet::GetVCP()
2025/10/6 5:1:37:665 [DisplayControl] Enter MCCSOtherSet::GetVCP(), vcp code = 96
2025/10/6 5:1:37:892 [DisplayControl] Exit MCCSOtherSet::GetVCP()
2025/10/6 5:1:37:993 [DisplayControl] Enter MCCSOtherSet::GetVCP(), vcp code = 220
2025/10/6 5:1:38:212 [DisplayControl] Exit MCCSOtherSet::GetVCP()
2025/10/6 5:1:38:313 [DisplayControl] Enter MCCSOtherSet::GetVCP(), vcp code = 98
2025/10/6 5:1:38:530 [DisplayControl] Exit MCCSOtherSet::GetVCP()
2025/10/6 5:1:38:632 [DisplayControl] Enter MCCSOtherSet::GetVCP(), vcp code = 16
2025/10/6 5:1:38:856 [DisplayControl] Exit MCCSOtherSet::GetVCP()
2025/10/6 5:1:38:958 [DisplayControl] Enter MCCSOtherSet::GetVCP(), vcp code = 18
2025/10/6 5:1:39:179 [DisplayControl] Exit MCCSOtherSet::GetVCP()
2025/10/6 5:1:39:281 [DisplayControl] Enter MCCSOtherSet::GetVCP(), vcp code = 135
2025/10/6 5:1:39:499 [DisplayControl] Exit MCCSOtherSet::GetVCP()
2025/10/6 5:1:39:600 [DisplayControl] Enter MCCSOtherSet::GetVCP(), vcp code = 4
2025/10/6 5:1:39:821 [DisplayControl] Exit MCCSOtherSet::GetVCP()
2025/10/6 5:1:39:923 [DisplayControl] Enter MCCSOtherSet::GetVCP(), vcp code = 141
2025/10/6 5:1:40:143 [DisplayControl] Exit MCCSOtherSet::GetVCP()
2025/10/6 5:1:40:244 [DisplayControl] Enter MCCSOtherSet::GetVCP(), vcp code = 226
2025/10/6 5:1:40:457 [DisplayControl] Exit MCCSOtherSet::GetVCP()
2025/10/6 5:1:40:558 [DisplayControl] Enter MCCSOtherSet::GetVCP(), vcp code = 225
2025/10/6 5:1:40:777 [DisplayControl] Exit MCCSOtherSet::GetVCP()
2025/10/6 5:1:40:884 [DisplayControl] Enter MCCSOtherSet::GetVCP(), vcp code = 96
2025/10/6 5:1:41:98 [DisplayControl] Exit MCCSOtherSet::GetVCP()
2025/10/6 5:1:41:633 [DisplayControl] Enter MCCSOtherSet::SetVCP(), vcp code = 51
2025/10/6 5:1:41:948 [DisplayControl] Exit MCCSOtherSet::SetVCP()
2025/10/6 5:2:6:56 [DisplayControl] Enter MCCSOtherSet::SetVCP(), vcp code = 16
2025/10/6 5:2:6:376 [DisplayControl] Exit MCCSOtherSet::SetVCP()
2025/10/6 5:2:56:717 [DisplayControl] Enter MCCSOtherSet::SetVCP(), vcp code = 16
2025/10/6 5:2:57:38 [DisplayControl] Exit MCCSOtherSet::SetVCP()
2025/10/6 5:3:40:721 [DisplayControl] Enter OperationThread::ExitThread
2025/10/6 5:3:40:721 [DisplayControl] Exit OperationThread::ExitThread
2025/10/6 5:3:40:721 [DisplayControl] Enter OperationThread::~OperationThread()
2025/10/6 5:3:40:721 [DisplayControl] Enter OperationThread::ExitThread
2025/10/6 5:3:40:721 [DisplayControl] Enter OperationThread::ExitThread
2025/10/6 5:3:40:722 [DisplayControl] Exit OperationThread::ExitThread
2025/10/6 5:3:40:722 [DisplayControl] Enter OperationThread::~OperationThread()
2025/10/6 5:3:40:722 [DisplayControl] Enter OperationThread::ExitThread
